qt6-strict-iterators/main.cpp:15:40: warning: Mixing iterators with const_iterators [-Wclazy-strict-iterators]
qt6-strict-iterators/main.cpp:16:35: warning: Mixing iterators with const_iterators [-Wclazy-strict-iterators]
qt6-strict-iterators/main.cpp:24:9: warning: Mixing iterators with const_iterators [-Wclazy-strict-iterators]
qt6-strict-iterators/main.cpp:27:5: warning: Mixing iterators with const_iterators [-Wclazy-strict-iterators]
qt6-strict-iterators/main.cpp:39:38: warning: Mixing iterators with const_iterators [-Wclazy-strict-iterators]
qt6-strict-iterators/main.cpp:40:42: warning: Mixing iterators with const_iterators [-Wclazy-strict-iterators]
qt6-strict-iterators/main.cpp:42:41: warning: Mixing iterators with const_iterators [-Wclazy-strict-iterators]
qt6-strict-iterators/main.cpp:44:38: warning: Mixing iterators with const_iterators [-Wclazy-strict-iterators]
qt6-strict-iterators/main.cpp:47:5: warning: Mixing iterators with const_iterators [-Wclazy-strict-iterators]
qt6-strict-iterators/main.cpp:48:5: warning: Mixing iterators with const_iterators [-Wclazy-strict-iterators]
qt6-strict-iterators/main.cpp:49:5: warning: Mixing iterators with const_iterators [-Wclazy-strict-iterators]
qt6-strict-iterators/main.cpp:50:5: warning: Mixing iterators with const_iterators [-Wclazy-strict-iterators]
